I'm sorry, but errors were detected in your script. Please correct the
errors listed below, and try again.


File "game/baduk.rpy", line 46: is not terminated with a newline. (Check strings and parenthesis.)
(Perhaps you left out a " at the end of the first line.)
            file = open("D:\GitHub\Shoot-Tomorrow\game + "baduk_board.txt", 'w')

Ren'Py Version: Ren'Py 7.4.11.2266
Mon Jun 24 01:11:10 2024
